// Jest Snapshot v1, https://goo.gl/fbAQLP

exports[`<ChatScreen /> Should render the <ChatScreen /> component 1`] = `null`;
