// Jest Snapshot v1, https://goo.gl/fbAQLP

exports[`<RegisterScreen /> Should render the <RegisterScreen /> component 1`] = `null`;
