// Jest Snapshot v1, https://goo.gl/fbAQLP

exports[`<SignInScreen /> Should render the <SignInScreen /> component 1`] = `null`;
