// Jest Snapshot v1, https://goo.gl/fbAQLP

exports[`<TrainingScreen /> Should render the <TrainingScreen /> component 1`] = `null`;
